===== 2026-08-25 매매 결과 요약 =====
오늘 체결된 매도 기록이 없습니다.
이 경험을 반영해 다음날 후보 선정에서 제외되는 종목:
  - 바이오니아(064550): 전체 기록 누적 손실
  - 코오롱생명과학(102940): 전체 기록 누적 손실
  - 셀바스AI(108860): 최근 3거래일 반복 손실, 전체 기록 누적 손실
  - 솔트룩스(304100): 전체 기록 누적 손실
========================================

===== 2026-08-25 매매 결과 요약 =====
오늘 체결된 매도 기록이 없습니다.
이 경험을 반영해 다음날 후보 선정에서 제외되는 종목:
  - 바이오니아(064550): 전체 기록 누적 손실
  - 코오롱생명과학(102940): 전체 기록 누적 손실
  - 셀바스AI(108860): 최근 3거래일 반복 손실, 전체 기록 누적 손실
  - 솔트룩스(304100): 전체 기록 누적 손실
========================================

===== 2026-08-25 매매 결과 요약 =====
실현손익 합계: -14,105원 (3승 5패, 총 8건)
  - 10:36 지투파워(388050) +6,150원 (익절)
  - 10:56 톱텍(108230) -6,000원 (손절)
  - 12:06 이노메트리(302430) -6,250원 (손절)
  - 12:16 이건홀딩스(039020) -4,655원 (손절)
  - 12:36 나노팀(417010) -11,390원 (손절)
  - 14:06 휴림에이텍(078590) +5,710원 (익절)
  - 14:07 한국화장품제조(003350) +6,690원 (익절)
  - 14:16 원풍물산(008290) -4,360원 (손절)
이 경험을 반영해 다음날 후보 선정에서 제외되는 종목:
  - 바이오니아(064550): 전체 기록 누적 손실
  - 코오롱생명과학(102940): 전체 기록 누적 손실
  - 셀바스AI(108860): 최근 3거래일 반복 손실, 전체 기록 누적 손실
  - 솔트룩스(304100): 전체 기록 누적 손실
========================================

===== 2026-08-26 매매 결과 요약 =====
실현손익 합계: -53,085원 (0승 5패, 총 5건)
  - 09:15 이건홀딩스(039020) -11,560원 (손절)
  - 09:35 이건산업(008250) -15,315원 (손절)
  - 09:45 이노메트리(302430) -6,000원 (손절)
  - 09:55 에이프로젠(007460) -9,000원 (손절)
  - 10:05 금호에이치티(214330) -11,210원 (손절)
이 경험을 반영해 다음날 후보 선정에서 제외되는 종목:
  - 에이프로젠(007460): 최근 3거래일 반복 손실
  - 이건산업(008250): 최근 3거래일 반복 손실
  - 원풍물산(008290): 최근 3거래일 반복 손실
  - 이건홀딩스(039020): 최근 3거래일 반복 손실, 전체 기록 누적 손실
  - 바이오니아(064550): 전체 기록 누적 손실
  - 코오롱생명과학(102940): 전체 기록 누적 손실
  - 톱텍(108230): 최근 3거래일 반복 손실
  - 셀바스AI(108860): 전체 기록 누적 손실
  - 금호에이치티(214330): 최근 3거래일 반복 손실
  - 이노메트리(302430): 최근 3거래일 반복 손실, 전체 기록 누적 손실
  - 솔트룩스(304100): 전체 기록 누적 손실
  - 나노팀(417010): 최근 3거래일 반복 손실
========================================

===== 2026-08-27 매매 결과 요약 =====
실현손익 합계: +54,567원 (3승 3패, 총 6건)
  - 12:15 아이씨에이치(368600) +35,484원 (익절)
  - 14:25 진양폴리(010640) +15,893원 (익절)
  - 15:15 기가레인(049080) -3,580원 (일일 정리)
  - 15:15 큐리언트(115180) +11,954원 (일일 정리)
  - 15:15 마니커에프앤지(195500) -2,262원 (일일 정리)
  - 15:16 애니플러스(310200) -2,922원 (일일 정리)
이 경험을 반영해 다음날 후보 선정에서 제외되는 종목:
  - 에이프로젠(007460): 최근 3거래일 반복 손실
  - 이건산업(008250): 최근 3거래일 반복 손실
  - 원풍물산(008290): 최근 3거래일 반복 손실
  - 이건홀딩스(039020): 최근 3거래일 반복 손실, 전체 기록 누적 손실
  - 기가레인(049080): 최근 3거래일 반복 손실
  - 바이오니아(064550): 전체 기록 누적 손실
  - 코오롱생명과학(102940): 전체 기록 누적 손실
  - 톱텍(108230): 최근 3거래일 반복 손실
  - 셀바스AI(108860): 전체 기록 누적 손실
  - 마니커에프앤지(195500): 최근 3거래일 반복 손실
  - 금호에이치티(214330): 최근 3거래일 반복 손실
  - 이노메트리(302430): 최근 3거래일 반복 손실, 전체 기록 누적 손실
  - 솔트룩스(304100): 전체 기록 누적 손실
  - 애니플러스(310200): 최근 3거래일 반복 손실
  - 나노팀(417010): 최근 3거래일 반복 손실
========================================

===== 2026-08-28 매매 결과 요약 =====
실현손익 합계: +25,362원 (4승 2패, 총 6건)
  - 09:15 헝셩그룹(900270) +23,673원 (익절)
  - 09:45 아이씨에이치(368600) +15,654원 (익절)
  - 13:15 샌즈랩(411080) -20,431원 (손절)
  - 15:16 우리기술(032820) +3,713원 (일일 정리)
  - 15:16 미래에셋생명(085620) -9,734원 (일일 정리)
  - 15:16 넥사다이내믹스(351320) +12,487원 (일일 정리)
이 경험을 반영해 다음날 후보 선정에서 제외되는 종목:
  - 에이프로젠(007460): 최근 3거래일 반복 손실
  - 이건산업(008250): 최근 3거래일 반복 손실
  - 이건홀딩스(039020): 최근 3거래일 반복 손실, 전체 기록 누적 손실
  - 기가레인(049080): 최근 3거래일 반복 손실
  - 바이오니아(064550): 전체 기록 누적 손실
  - 미래에셋생명(085620): 최근 3거래일 반복 손실
  - 코오롱생명과학(102940): 전체 기록 누적 손실
  - 셀바스AI(108860): 전체 기록 누적 손실
  - 마니커에프앤지(195500): 최근 3거래일 반복 손실
  - 금호에이치티(214330): 최근 3거래일 반복 손실
  - 이노메트리(302430): 최근 3거래일 반복 손실, 전체 기록 누적 손실
  - 솔트룩스(304100): 전체 기록 누적 손실
  - 애니플러스(310200): 최근 3거래일 반복 손실
  - 샌즈랩(411080): 최근 3거래일 반복 손실
========================================

===== 2026-08-31 매매 결과 요약 =====
실현손익 합계: +20,620원 (3승 1패, 총 4건)
  - 09:45 헝셩그룹(900270) -20,328원 (손절)
  - 11:15 원익홀딩스(030530) +16,008원 (익절)
  - 15:15 성호전자(043260) +17,143원 (익절)
  - 15:15 수젠텍(253840) +7,797원 (일일 정리)
이 경험을 반영해 다음날 후보 선정에서 제외되는 종목:
  - 이건홀딩스(039020): 전체 기록 누적 손실
  - 기가레인(049080): 최근 3거래일 반복 손실
  - 바이오니아(064550): 전체 기록 누적 손실
  - 미래에셋생명(085620): 최근 3거래일 반복 손실
  - 코오롱생명과학(102940): 전체 기록 누적 손실
  - 셀바스AI(108860): 전체 기록 누적 손실
  - 마니커에프앤지(195500): 최근 3거래일 반복 손실
  - 이노메트리(302430): 전체 기록 누적 손실
  - 솔트룩스(304100): 전체 기록 누적 손실
  - 애니플러스(310200): 최근 3거래일 반복 손실
  - 샌즈랩(411080): 최근 3거래일 반복 손실
  - 헝셩그룹(900270): 최근 3거래일 반복 손실
========================================

===== 2026-09-01 매매 결과 요약 =====
실현손익 합계: -10,703원 (2승 1패, 총 3건)
  - 09:15 사토시홀딩스(223310) -18,636원 (손절)
  - 15:15 성호전자(043260) +7,478원 (일일 정리)
  - 15:15 루닛(328130) +455원 (일일 정리)
이 경험을 반영해 다음날 후보 선정에서 제외되는 종목:
  - 이건홀딩스(039020): 전체 기록 누적 손실
  - 바이오니아(064550): 전체 기록 누적 손실
  - 미래에셋생명(085620): 최근 3거래일 반복 손실
  - 코오롱생명과학(102940): 전체 기록 누적 손실
  - 셀바스AI(108860): 전체 기록 누적 손실
  - 사토시홀딩스(223310): 최근 3거래일 반복 손실
  - 이노메트리(302430): 전체 기록 누적 손실
  - 솔트룩스(304100): 전체 기록 누적 손실
  - 샌즈랩(411080): 최근 3거래일 반복 손실
  - 헝셩그룹(900270): 최근 3거래일 반복 손실
========================================

===== 2026-09-02 매매 결과 요약 =====
실현손익 합계: -53,091원 (0승 4패, 총 4건)
  - 09:15 모아라이프플러스(142760) -18,482원 (손절)
  - 14:32 캔버스엔(210120) -28,602원 (손절)
  - 15:13 엑사이엔씨(054940) -3,056원 (일일 정리)
  - 15:13 이지스(261520) -2,951원 (일일 정리)
이 경험을 반영해 다음날 후보 선정에서 제외되는 종목:
  - 이건홀딩스(039020): 전체 기록 누적 손실
  - 엑사이엔씨(054940): 최근 3거래일 반복 손실
  - 바이오니아(064550): 전체 기록 누적 손실
  - 코오롱생명과학(102940): 전체 기록 누적 손실
  - 셀바스AI(108860): 전체 기록 누적 손실
  - 모아라이프플러스(142760): 최근 3거래일 반복 손실
  - 캔버스엔(210120): 최근 3거래일 반복 손실
  - 사토시홀딩스(223310): 최근 3거래일 반복 손실
  - 이지스(261520): 최근 3거래일 반복 손실
  - 이노메트리(302430): 전체 기록 누적 손실
  - 솔트룩스(304100): 전체 기록 누적 손실
  - 헝셩그룹(900270): 최근 3거래일 반복 손실
========================================

===== 2026-09-03 매매 결과 요약 =====
실현손익 합계: -80,176원 (0승 4패, 총 4건)
  - 10:37 써니전자(004770) -19,162원 (손절)
  - 14:51 아이큐어(175250) -34,749원 (손절)
  - 15:00 소마젠(950200) -24,923원 (손절)
  - 15:11 로킷헬스케어(376900) -1,342원 (일일 정리)
이 경험을 반영해 다음날 후보 선정에서 제외되는 종목:
  - 써니전자(004770): 최근 3거래일 반복 손실
  - 이건홀딩스(039020): 전체 기록 누적 손실
  - 엑사이엔씨(054940): 최근 3거래일 반복 손실
  - 바이오니아(064550): 전체 기록 누적 손실
  - 코오롱생명과학(102940): 전체 기록 누적 손실
  - 셀바스AI(108860): 전체 기록 누적 손실
  - 모아라이프플러스(142760): 최근 3거래일 반복 손실
  - 아이큐어(175250): 최근 3거래일 반복 손실
  - 캔버스엔(210120): 최근 3거래일 반복 손실
  - 사토시홀딩스(223310): 최근 3거래일 반복 손실
  - 이지스(261520): 최근 3거래일 반복 손실
  - 이노메트리(302430): 전체 기록 누적 손실
  - 솔트룩스(304100): 전체 기록 누적 손실
  - 로킷헬스케어(376900): 최근 3거래일 반복 손실
  - 소마젠(950200): 최근 3거래일 반복 손실
========================================

===== 2026-09-04 매매 결과 요약 =====
실현손익 합계: -13,085원 (0승 1패, 총 1건)
  - 11:50 엠아이큐브솔루션(373170) -13,085원 (손절)
이 경험을 반영해 다음날 후보 선정에서 제외되는 종목:
  - 써니전자(004770): 최근 3거래일 반복 손실
  - 이건홀딩스(039020): 전체 기록 누적 손실
  - 엑사이엔씨(054940): 최근 3거래일 반복 손실
  - 바이오니아(064550): 전체 기록 누적 손실
  - 코오롱생명과학(102940): 전체 기록 누적 손실
  - 셀바스AI(108860): 전체 기록 누적 손실
  - 모아라이프플러스(142760): 최근 3거래일 반복 손실
  - 아이큐어(175250): 최근 3거래일 반복 손실
  - 캔버스엔(210120): 최근 3거래일 반복 손실
  - 이지스(261520): 최근 3거래일 반복 손실
  - 이노메트리(302430): 전체 기록 누적 손실
  - 솔트룩스(304100): 전체 기록 누적 손실
  - 엠아이큐브솔루션(373170): 최근 3거래일 반복 손실
  - 로킷헬스케어(376900): 최근 3거래일 반복 손실
  - 소마젠(950200): 최근 3거래일 반복 손실
========================================

